2026-04-24 14:32:09 | INFO     | ecommerce_analysis | ======================================================================
2026-04-24 14:32:09 | INFO     | ecommerce_analysis | 电商用户行为分析系统 - 日志系统启动
2026-04-24 14:32:09 | INFO     | ecommerce_analysis | 日志目录: D:\project\2026042301\4\logs
2026-04-24 14:32:09 | INFO     | ecommerce_analysis | ======================================================================
2026-04-24 14:32:09 | INFO     | ecommerce_analysis.DataGenerator | 初始化数据生成器: 用户=100, 商品=50, 事件=500
2026-04-24 14:32:09 | INFO     | ecommerce_analysis.DataGenerator | 数据时间范围: 2024-01-01 至 2024-01-31
2026-04-24 14:32:09 | INFO     | ecommerce_analysis.DataGenerator | 开始生成电商用户行为数据...
2026-04-24 14:32:09 | INFO     | ecommerce_analysis.DataGenerator | 正在添加脏数据用于测试数据清洗...
2026-04-24 14:32:09 | INFO     | ecommerce_analysis.DataGenerator | 数据生成完成: 事件=510, 商品=50, 会话=150
2026-04-24 14:32:09 | INFO     | ecommerce_analysis.DataCleaner | ======================================================================
2026-04-24 14:32:09 | INFO     | ecommerce_analysis.DataCleaner | 开始数据清洗流程
2026-04-24 14:32:09 | INFO     | ecommerce_analysis.DataCleaner | ======================================================================
2026-04-24 14:32:09 | INFO     | ecommerce_analysis.DataCleaner | 原始数据形状: (510, 11)
2026-04-24 14:32:09 | INFO     | ecommerce_analysis.DataCleaner | 
步骤1: 处理重复数据...
2026-04-24 14:32:09 | INFO     | ecommerce_analysis.DataCleaner | 删除了 10 个重复行
2026-04-24 14:32:09 | INFO     | ecommerce_analysis.DataCleaner | 
步骤2: 处理格式转换...
2026-04-24 14:32:09 | INFO     | ecommerce_analysis.DataCleaner | 开始处理时间戳格式转换（向量化）
2026-04-24 14:32:39 | INFO     | ecommerce_analysis | ======================================================================
2026-04-24 14:32:39 | INFO     | ecommerce_analysis | 电商用户行为分析系统 - 日志系统启动
2026-04-24 14:32:39 | INFO     | ecommerce_analysis | 日志目录: D:\project\2026042301\4\logs
2026-04-24 14:32:39 | INFO     | ecommerce_analysis | ======================================================================
2026-04-24 14:32:39 | INFO     | ecommerce_analysis.DataGenerator | 初始化数据生成器: 用户=100, 商品=50, 事件=500
2026-04-24 14:32:39 | INFO     | ecommerce_analysis.DataGenerator | 数据时间范围: 2024-01-01 至 2024-01-31
2026-04-24 14:32:39 | INFO     | ecommerce_analysis.DataGenerator | 开始生成电商用户行为数据...
2026-04-24 14:32:40 | INFO     | ecommerce_analysis.DataGenerator | 正在添加脏数据用于测试数据清洗...
2026-04-24 14:32:40 | INFO     | ecommerce_analysis.DataGenerator | 数据生成完成: 事件=510, 商品=50, 会话=150
2026-04-24 14:32:40 | INFO     | ecommerce_analysis.DataCleaner | ======================================================================
2026-04-24 14:32:40 | INFO     | ecommerce_analysis.DataCleaner | 开始数据清洗流程
2026-04-24 14:32:40 | INFO     | ecommerce_analysis.DataCleaner | ======================================================================
2026-04-24 14:32:40 | INFO     | ecommerce_analysis.DataCleaner | 原始数据形状: (510, 11)
2026-04-24 14:32:40 | INFO     | ecommerce_analysis.DataCleaner | 
步骤1: 处理重复数据...
2026-04-24 14:32:40 | INFO     | ecommerce_analysis.DataCleaner | 删除了 10 个重复行
2026-04-24 14:32:40 | INFO     | ecommerce_analysis.DataCleaner | 
步骤2: 处理格式转换...
2026-04-24 14:32:40 | INFO     | ecommerce_analysis.DataCleaner | 开始处理时间戳格式转换（向量化）
2026-04-24 14:32:40 | WARNING  | ecommerce_analysis.DataCleaner | 发现 10 个无法解析的时间戳，将删除这些行
2026-04-24 14:32:40 | INFO     | ecommerce_analysis.DataCleaner | 时间戳处理完成，有效时间戳: 490 个
2026-04-24 14:32:40 | INFO     | ecommerce_analysis.DataCleaner | 
步骤3: 处理缺失值...
2026-04-24 14:32:40 | INFO     | ecommerce_analysis.DataCleaner | 开始处理缺失值，初始缺失总数: 71
2026-04-24 14:32:40 | INFO     | ecommerce_analysis.DataCleaner | 缺失值处理完成，剩余缺失数: 0
2026-04-24 14:32:40 | INFO     | ecommerce_analysis.DataCleaner | 
步骤4: 处理异常值...
2026-04-24 14:32:40 | INFO     | ecommerce_analysis.DataCleaner | 
步骤5: 验证数据质量...
2026-04-24 14:32:40 | INFO     | ecommerce_analysis.DataCleaner | 
======================================================================
2026-04-24 14:32:40 | INFO     | ecommerce_analysis.DataCleaner | 数据清洗完成总结
2026-04-24 14:32:40 | INFO     | ecommerce_analysis.DataCleaner | ======================================================================
2026-04-24 14:32:40 | INFO     | ecommerce_analysis.DataCleaner |   原始数据: 510 行, 11 列
2026-04-24 14:32:40 | INFO     | ecommerce_analysis.DataCleaner |   清洗后数据: 490 行, 11 列
2026-04-24 14:32:40 | INFO     | ecommerce_analysis.DataCleaner |   删除行数: 20
2026-04-24 14:32:40 | INFO     | ecommerce_analysis.FunnelAnalyzer | 分析漏斗转化，阶段: ['view', 'search', 'click', 'add_to_cart', 'purchase']
2026-04-24 14:32:40 | INFO     | ecommerce_analysis.FunnelAnalyzer | 
基本漏斗分析结果:
2026-04-24 14:32:40 | INFO     | ecommerce_analysis.FunnelAnalyzer |   view: 89 用户, 转化率: 100.00%, 整体转化: 100.00%
2026-04-24 14:32:40 | INFO     | ecommerce_analysis.FunnelAnalyzer |   search: 70 用户, 转化率: 78.65%, 整体转化: 78.65%
2026-04-24 14:32:40 | INFO     | ecommerce_analysis.FunnelAnalyzer |   click: 56 用户, 转化率: 80.00%, 整体转化: 62.92%
2026-04-24 14:32:40 | INFO     | ecommerce_analysis.FunnelAnalyzer |   add_to_cart: 35 用户, 转化率: 62.50%, 整体转化: 39.33%
2026-04-24 14:32:40 | INFO     | ecommerce_analysis.FunnelAnalyzer |   purchase: 17 用户, 转化率: 48.57%, 整体转化: 19.10%
2026-04-24 14:32:40 | INFO     | ecommerce_analysis.FunnelAnalyzer |   整体转化率: 19.10%
2026-04-24 14:32:40 | INFO     | ecommerce_analysis.RetentionAnalyzer | 计算日留存率，留存天数: [1, 3, 7]
2026-04-24 14:32:40 | INFO     | ecommerce_analysis.RetentionAnalyzer | 
日留存分析结果:
2026-04-24 14:32:40 | INFO     | ecommerce_analysis.RetentionAnalyzer |   总新增用户: 99
2026-04-24 14:32:40 | INFO     | ecommerce_analysis.RetentionAnalyzer | 
  平均留存率:
2026-04-24 14:32:40 | INFO     | ecommerce_analysis.RetentionAnalyzer |     avg_day_1_rate: 20.32%
2026-04-24 14:32:40 | INFO     | ecommerce_analysis.RetentionAnalyzer |     avg_day_3_rate: 8.93%
2026-04-24 14:32:40 | INFO     | ecommerce_analysis.RetentionAnalyzer |     avg_day_7_rate: 20.20%
2026-04-24 14:32:40 | INFO     | ecommerce_analysis.RetentionAnalyzer | 创建同期群分析，类型: weekly
2026-04-24 14:32:40 | INFO     | ecommerce_analysis.RetentionAnalyzer | 
同期群分析结果 (weekly):
2026-04-24 14:32:40 | INFO     | ecommerce_analysis.RetentionAnalyzer |   同期群数量: 5
2026-04-24 14:32:40 | INFO     | ecommerce_analysis.RetentionAnalyzer |   周期数量: 5
2026-04-24 14:32:40 | INFO     | ecommerce_analysis.RetentionAnalyzer | 
  同期群大小:
2026-04-24 14:32:40 | INFO     | ecommerce_analysis.RetentionAnalyzer |     2024W01: 72 用户
2026-04-24 14:32:40 | INFO     | ecommerce_analysis.RetentionAnalyzer |     2024W02: 21 用户
2026-04-24 14:32:40 | INFO     | ecommerce_analysis.RetentionAnalyzer |     2024W03: 4 用户
2026-04-24 14:32:40 | INFO     | ecommerce_analysis.RetentionAnalyzer |     2024W04: 1 用户
2026-04-24 14:32:40 | INFO     | ecommerce_analysis.RetentionAnalyzer |     2024W05: 1 用户
2026-04-24 14:32:40 | INFO     | ecommerce_analysis.HTMLReportGenerator | plotly已安装，将生成完整的交互式图表
2026-04-24 14:32:40 | INFO     | ecommerce_analysis.HTMLReportGenerator | HTML报表已生成: ./test_output\test_report.html
2026-04-24 14:54:03 | INFO     | ecommerce_analysis | ======================================================================
2026-04-24 14:54:03 | INFO     | ecommerce_analysis | 电商用户行为分析系统 - 日志系统启动
2026-04-24 14:54:03 | INFO     | ecommerce_analysis | 日志目录: D:\project\2026042301\4\logs
2026-04-24 14:54:03 | INFO     | ecommerce_analysis | ======================================================================
2026-04-24 14:54:03 | INFO     | ecommerce_analysis.FunnelAnalyzer | 分析会话漏斗转化（严格版）:
2026-04-24 14:54:03 | INFO     | ecommerce_analysis.FunnelAnalyzer |   阶段: ['view', 'search', 'click', 'add_to_cart', 'purchase']
2026-04-24 14:54:03 | INFO     | ecommerce_analysis.FunnelAnalyzer |   时间窗口: 30 分钟
2026-04-24 14:54:03 | INFO     | ecommerce_analysis.FunnelAnalyzer |   允许跳阶段: 否
2026-04-24 14:54:03 | INFO     | ecommerce_analysis.FunnelAnalyzer | 
会话漏斗分析结果:
2026-04-24 14:54:03 | INFO     | ecommerce_analysis.FunnelAnalyzer |   view: 8 会话, 转化率: 100.00%
2026-04-24 14:54:03 | INFO     | ecommerce_analysis.FunnelAnalyzer |   search: 6 会话, 转化率: 75.00%
2026-04-24 14:54:03 | INFO     | ecommerce_analysis.FunnelAnalyzer |   click: 4 会话, 转化率: 66.67%
2026-04-24 14:54:03 | INFO     | ecommerce_analysis.FunnelAnalyzer |   add_to_cart: 1 会话, 转化率: 25.00%
2026-04-24 14:54:03 | INFO     | ecommerce_analysis.FunnelAnalyzer |   purchase: 1 会话, 转化率: 100.00%
2026-04-24 14:54:03 | INFO     | ecommerce_analysis.FunnelAnalyzer |   整体转化率: 12.50%
2026-04-24 14:54:03 | INFO     | ecommerce_analysis.FunnelAnalyzer | 
流失点分析:
2026-04-24 14:54:03 | INFO     | ecommerce_analysis.FunnelAnalyzer |   view -> search: 流失 2 会话 (25.00%)
2026-04-24 14:54:03 | INFO     | ecommerce_analysis.FunnelAnalyzer |   search -> click: 流失 2 会话 (33.33%)
2026-04-24 14:54:03 | INFO     | ecommerce_analysis.FunnelAnalyzer |   click -> add_to_cart: 流失 3 会话 (75.00%)
2026-04-24 14:54:03 | INFO     | ecommerce_analysis.FunnelAnalyzer |   add_to_cart -> purchase: 流失 0 会话 (0.00%)
2026-04-24 14:54:03 | INFO     | ecommerce_analysis.FunnelAnalyzer | 
时间统计（有效转化路径）:
2026-04-24 14:54:03 | INFO     | ecommerce_analysis.FunnelAnalyzer |   有效转化会话数: 8
2026-04-24 14:54:03 | INFO     | ecommerce_analysis.FunnelAnalyzer |   平均转化时长: 8.38 分钟
2026-04-24 14:54:03 | INFO     | ecommerce_analysis.FunnelAnalyzer |   中位数转化时长: 5.0 分钟
2026-04-24 14:54:03 | INFO     | ecommerce_analysis.FunnelAnalyzer |   最小转化时长: 0.0 分钟
2026-04-24 14:54:03 | INFO     | ecommerce_analysis.FunnelAnalyzer |   最大转化时长: 35.0 分钟
2026-04-24 14:54:03 | INFO     | ecommerce_analysis.FunnelAnalyzer | 分析会话漏斗转化（严格版）:
2026-04-24 14:54:03 | INFO     | ecommerce_analysis.FunnelAnalyzer |   阶段: ['view', 'search', 'click', 'add_to_cart', 'purchase']
2026-04-24 14:54:03 | INFO     | ecommerce_analysis.FunnelAnalyzer |   时间窗口: 30 分钟
2026-04-24 14:54:03 | INFO     | ecommerce_analysis.FunnelAnalyzer |   允许跳阶段: 是
2026-04-24 14:54:03 | INFO     | ecommerce_analysis.FunnelAnalyzer | 
会话漏斗分析结果:
2026-04-24 14:54:03 | INFO     | ecommerce_analysis.FunnelAnalyzer |   view: 8 会话, 转化率: 100.00%
2026-04-24 14:54:03 | INFO     | ecommerce_analysis.FunnelAnalyzer |   search: 6 会话, 转化率: 75.00%
2026-04-24 14:54:03 | INFO     | ecommerce_analysis.FunnelAnalyzer |   click: 5 会话, 转化率: 83.33%
2026-04-24 14:54:03 | INFO     | ecommerce_analysis.FunnelAnalyzer |   add_to_cart: 3 会话, 转化率: 60.00%
2026-04-24 14:54:03 | INFO     | ecommerce_analysis.FunnelAnalyzer |   purchase: 2 会话, 转化率: 66.67%
2026-04-24 14:54:03 | INFO     | ecommerce_analysis.FunnelAnalyzer |   整体转化率: 25.00%
2026-04-24 14:54:03 | INFO     | ecommerce_analysis.FunnelAnalyzer | 
流失点分析:
2026-04-24 14:54:03 | INFO     | ecommerce_analysis.FunnelAnalyzer |   view -> search: 流失 2 会话 (25.00%)
2026-04-24 14:54:03 | INFO     | ecommerce_analysis.FunnelAnalyzer |   search -> click: 流失 1 会话 (16.67%)
2026-04-24 14:54:03 | INFO     | ecommerce_analysis.FunnelAnalyzer |   click -> add_to_cart: 流失 2 会话 (40.00%)
2026-04-24 14:54:03 | INFO     | ecommerce_analysis.FunnelAnalyzer |   add_to_cart -> purchase: 流失 1 会话 (33.33%)
2026-04-24 14:54:03 | INFO     | ecommerce_analysis.FunnelAnalyzer | 
时间统计（有效转化路径）:
2026-04-24 14:54:03 | INFO     | ecommerce_analysis.FunnelAnalyzer |   有效转化会话数: 8
2026-04-24 14:54:03 | INFO     | ecommerce_analysis.FunnelAnalyzer |   平均转化时长: 10.62 分钟
2026-04-24 14:54:03 | INFO     | ecommerce_analysis.FunnelAnalyzer |   中位数转化时长: 7.5 分钟
2026-04-24 14:54:03 | INFO     | ecommerce_analysis.FunnelAnalyzer |   最小转化时长: 2.0 分钟
2026-04-24 14:54:03 | INFO     | ecommerce_analysis.FunnelAnalyzer |   最大转化时长: 35.0 分钟
2026-04-24 14:54:03 | INFO     | ecommerce_analysis.FunnelAnalyzer | 分析会话漏斗转化（简化版），阶段: ['view', 'search', 'click', 'add_to_cart', 'purchase']
2026-04-24 14:54:03 | INFO     | ecommerce_analysis.FunnelAnalyzer | 
会话漏斗分析结果:
2026-04-24 14:54:03 | INFO     | ecommerce_analysis.FunnelAnalyzer |   view: 8 会话, 转化率: 100.00%
2026-04-24 14:54:03 | INFO     | ecommerce_analysis.FunnelAnalyzer |   search: 8 会话, 转化率: 100.00%
2026-04-24 14:54:03 | INFO     | ecommerce_analysis.FunnelAnalyzer |   click: 7 会话, 转化率: 87.50%
2026-04-24 14:54:03 | INFO     | ecommerce_analysis.FunnelAnalyzer |   add_to_cart: 5 会话, 转化率: 71.43%
2026-04-24 14:54:03 | INFO     | ecommerce_analysis.FunnelAnalyzer |   purchase: 2 会话, 转化率: 40.00%
2026-04-24 14:54:03 | INFO     | ecommerce_analysis.FunnelAnalyzer |   整体转化率: 25.00%
2026-04-24 14:54:03 | INFO     | ecommerce_analysis.FunnelAnalyzer | 
流失点分析:
2026-04-24 14:54:03 | INFO     | ecommerce_analysis.FunnelAnalyzer |   view -> search: 流失 0 会话 (0.00%)
2026-04-24 14:54:03 | INFO     | ecommerce_analysis.FunnelAnalyzer |   search -> click: 流失 1 会话 (12.50%)
2026-04-24 14:54:03 | INFO     | ecommerce_analysis.FunnelAnalyzer |   click -> add_to_cart: 流失 2 会话 (28.57%)
2026-04-24 14:54:03 | INFO     | ecommerce_analysis.FunnelAnalyzer |   add_to_cart -> purchase: 流失 3 会话 (60.00%)
2026-04-24 14:54:07 | INFO     | ecommerce_analysis | ======================================================================
2026-04-24 14:54:07 | INFO     | ecommerce_analysis | 电商用户行为分析系统 - 日志系统启动
2026-04-24 14:54:07 | INFO     | ecommerce_analysis | 日志目录: D:\project\2026042301\4\logs
2026-04-24 14:54:07 | INFO     | ecommerce_analysis | ======================================================================
2026-04-24 14:54:07 | INFO     | ecommerce_analysis.FunnelAnalyzer | 分析会话漏斗转化（严格版）:
2026-04-24 14:54:07 | INFO     | ecommerce_analysis.FunnelAnalyzer |   阶段: ['view', 'search', 'click', 'add_to_cart', 'purchase']
2026-04-24 14:54:07 | INFO     | ecommerce_analysis.FunnelAnalyzer |   时间窗口: 30 分钟
2026-04-24 14:54:07 | INFO     | ecommerce_analysis.FunnelAnalyzer |   允许跳阶段: 否
2026-04-24 14:54:07 | INFO     | ecommerce_analysis.FunnelAnalyzer | 
会话漏斗分析结果:
2026-04-24 14:54:07 | INFO     | ecommerce_analysis.FunnelAnalyzer |   view: 8 会话, 转化率: 100.00%
2026-04-24 14:54:07 | INFO     | ecommerce_analysis.FunnelAnalyzer |   search: 6 会话, 转化率: 75.00%
2026-04-24 14:54:07 | INFO     | ecommerce_analysis.FunnelAnalyzer |   click: 4 会话, 转化率: 66.67%
2026-04-24 14:54:07 | INFO     | ecommerce_analysis.FunnelAnalyzer |   add_to_cart: 1 会话, 转化率: 25.00%
2026-04-24 14:54:07 | INFO     | ecommerce_analysis.FunnelAnalyzer |   purchase: 1 会话, 转化率: 100.00%
2026-04-24 14:54:07 | INFO     | ecommerce_analysis.FunnelAnalyzer |   整体转化率: 12.50%
2026-04-24 14:54:07 | INFO     | ecommerce_analysis.FunnelAnalyzer | 
流失点分析:
2026-04-24 14:54:07 | INFO     | ecommerce_analysis.FunnelAnalyzer |   view -> search: 流失 2 会话 (25.00%)
2026-04-24 14:54:07 | INFO     | ecommerce_analysis.FunnelAnalyzer |   search -> click: 流失 2 会话 (33.33%)
2026-04-24 14:54:07 | INFO     | ecommerce_analysis.FunnelAnalyzer |   click -> add_to_cart: 流失 3 会话 (75.00%)
2026-04-24 14:54:07 | INFO     | ecommerce_analysis.FunnelAnalyzer |   add_to_cart -> purchase: 流失 0 会话 (0.00%)
2026-04-24 14:54:07 | INFO     | ecommerce_analysis.FunnelAnalyzer | 
时间统计（有效转化路径）:
2026-04-24 14:54:07 | INFO     | ecommerce_analysis.FunnelAnalyzer |   有效转化会话数: 8
2026-04-24 14:54:07 | INFO     | ecommerce_analysis.FunnelAnalyzer |   平均转化时长: 8.38 分钟
2026-04-24 14:54:07 | INFO     | ecommerce_analysis.FunnelAnalyzer |   中位数转化时长: 5.0 分钟
2026-04-24 14:54:07 | INFO     | ecommerce_analysis.FunnelAnalyzer |   最小转化时长: 0.0 分钟
2026-04-24 14:54:07 | INFO     | ecommerce_analysis.FunnelAnalyzer |   最大转化时长: 35.0 分钟
2026-04-24 14:54:07 | INFO     | ecommerce_analysis.FunnelAnalyzer | 分析会话漏斗转化（严格版）:
2026-04-24 14:54:07 | INFO     | ecommerce_analysis.FunnelAnalyzer |   阶段: ['view', 'search', 'click', 'add_to_cart', 'purchase']
2026-04-24 14:54:07 | INFO     | ecommerce_analysis.FunnelAnalyzer |   时间窗口: 30 分钟
2026-04-24 14:54:07 | INFO     | ecommerce_analysis.FunnelAnalyzer |   允许跳阶段: 是
2026-04-24 14:54:07 | INFO     | ecommerce_analysis.FunnelAnalyzer | 
会话漏斗分析结果:
2026-04-24 14:54:07 | INFO     | ecommerce_analysis.FunnelAnalyzer |   view: 8 会话, 转化率: 100.00%
2026-04-24 14:54:07 | INFO     | ecommerce_analysis.FunnelAnalyzer |   search: 6 会话, 转化率: 75.00%
2026-04-24 14:54:07 | INFO     | ecommerce_analysis.FunnelAnalyzer |   click: 5 会话, 转化率: 83.33%
2026-04-24 14:54:07 | INFO     | ecommerce_analysis.FunnelAnalyzer |   add_to_cart: 3 会话, 转化率: 60.00%
2026-04-24 14:54:07 | INFO     | ecommerce_analysis.FunnelAnalyzer |   purchase: 2 会话, 转化率: 66.67%
2026-04-24 14:54:07 | INFO     | ecommerce_analysis.FunnelAnalyzer |   整体转化率: 25.00%
2026-04-24 14:54:07 | INFO     | ecommerce_analysis.FunnelAnalyzer | 
流失点分析:
2026-04-24 14:54:07 | INFO     | ecommerce_analysis.FunnelAnalyzer |   view -> search: 流失 2 会话 (25.00%)
2026-04-24 14:54:07 | INFO     | ecommerce_analysis.FunnelAnalyzer |   search -> click: 流失 1 会话 (16.67%)
2026-04-24 14:54:07 | INFO     | ecommerce_analysis.FunnelAnalyzer |   click -> add_to_cart: 流失 2 会话 (40.00%)
2026-04-24 14:54:07 | INFO     | ecommerce_analysis.FunnelAnalyzer |   add_to_cart -> purchase: 流失 1 会话 (33.33%)
2026-04-24 14:54:07 | INFO     | ecommerce_analysis.FunnelAnalyzer | 
时间统计（有效转化路径）:
2026-04-24 14:54:07 | INFO     | ecommerce_analysis.FunnelAnalyzer |   有效转化会话数: 8
2026-04-24 14:54:07 | INFO     | ecommerce_analysis.FunnelAnalyzer |   平均转化时长: 10.62 分钟
2026-04-24 14:54:07 | INFO     | ecommerce_analysis.FunnelAnalyzer |   中位数转化时长: 7.5 分钟
2026-04-24 14:54:07 | INFO     | ecommerce_analysis.FunnelAnalyzer |   最小转化时长: 2.0 分钟
2026-04-24 14:54:07 | INFO     | ecommerce_analysis.FunnelAnalyzer |   最大转化时长: 35.0 分钟
2026-04-24 14:54:07 | INFO     | ecommerce_analysis.FunnelAnalyzer | 分析会话漏斗转化（简化版），阶段: ['view', 'search', 'click', 'add_to_cart', 'purchase']
2026-04-24 14:54:07 | INFO     | ecommerce_analysis.FunnelAnalyzer | 
会话漏斗分析结果:
2026-04-24 14:54:07 | INFO     | ecommerce_analysis.FunnelAnalyzer |   view: 8 会话, 转化率: 100.00%
2026-04-24 14:54:07 | INFO     | ecommerce_analysis.FunnelAnalyzer |   search: 8 会话, 转化率: 100.00%
2026-04-24 14:54:07 | INFO     | ecommerce_analysis.FunnelAnalyzer |   click: 7 会话, 转化率: 87.50%
2026-04-24 14:54:07 | INFO     | ecommerce_analysis.FunnelAnalyzer |   add_to_cart: 5 会话, 转化率: 71.43%
2026-04-24 14:54:07 | INFO     | ecommerce_analysis.FunnelAnalyzer |   purchase: 2 会话, 转化率: 40.00%
2026-04-24 14:54:07 | INFO     | ecommerce_analysis.FunnelAnalyzer |   整体转化率: 25.00%
2026-04-24 14:54:07 | INFO     | ecommerce_analysis.FunnelAnalyzer | 
流失点分析:
2026-04-24 14:54:07 | INFO     | ecommerce_analysis.FunnelAnalyzer |   view -> search: 流失 0 会话 (0.00%)
2026-04-24 14:54:07 | INFO     | ecommerce_analysis.FunnelAnalyzer |   search -> click: 流失 1 会话 (12.50%)
2026-04-24 14:54:07 | INFO     | ecommerce_analysis.FunnelAnalyzer |   click -> add_to_cart: 流失 2 会话 (28.57%)
2026-04-24 14:54:07 | INFO     | ecommerce_analysis.FunnelAnalyzer |   add_to_cart -> purchase: 流失 3 会话 (60.00%)
